C:/TouchGFXProjects/MouseHID/Core/Src/main.c:1003:13:SPI5_Write	16	static
C:/TouchGFXProjects/MouseHID/Core/Src/main.c:709:6:mouseProcessingTask	56	static
C:/TouchGFXProjects/MouseHID/Core/Src/main.c:1115:6:StartDefaultTask	8	static
C:/TouchGFXProjects/MouseHID/Core/Src/main.c:285:6:SystemClock_Config	96	static
C:/TouchGFXProjects/MouseHID/Core/Src/main.c:183:5:main	120	static
C:/TouchGFXProjects/MouseHID/Core/Src/main.c:770:6:enqueueMouseEvent	32	static
C:/TouchGFXProjects/MouseHID/Core/Src/main.c:847:6:IOE_Init	0	static
C:/TouchGFXProjects/MouseHID/Core/Src/main.c:856:6:IOE_ITConfig	0	static
C:/TouchGFXProjects/MouseHID/Core/Src/main.c:868:6:IOE_Write	32	static
C:/TouchGFXProjects/MouseHID/Core/Src/main.c:879:9:IOE_Read	32	static
C:/TouchGFXProjects/MouseHID/Core/Src/main.c:892:10:IOE_ReadMultiple	24	static
C:/TouchGFXProjects/MouseHID/Core/Src/main.c:901:6:IOE_Delay	0	static
C:/TouchGFXProjects/MouseHID/Core/Src/main.c:1029:6:LCD_IO_Init	8	static
C:/TouchGFXProjects/MouseHID/Core/Src/main.c:1039:6:LCD_IO_WriteData	16	static
C:/TouchGFXProjects/MouseHID/Core/Src/main.c:1055:6:LCD_IO_WriteReg	16	static
C:/TouchGFXProjects/MouseHID/Core/Src/main.c:1074:10:LCD_IO_ReadData	32	static
C:/TouchGFXProjects/MouseHID/Core/Src/main.c:1101:6:LCD_Delay	0	static
C:/TouchGFXProjects/MouseHID/Core/Src/main.c:1134:6:HAL_TIM_PeriodElapsedCallback	0	static
C:/TouchGFXProjects/MouseHID/Core/Src/main.c:1152:6:Error_Handler	0	static
