C:/Users/HUY/Downloads/testMouselastHID/MouseHID/Core/Src/main.c:1002:13:SPI5_Write	1
C:/Users/HUY/Downloads/testMouselastHID/MouseHID/Core/Src/main.c:709:6:mouseProcessingTask	6
C:/Users/HUY/Downloads/testMouselastHID/MouseHID/Core/Src/main.c:1114:6:StartDefaultTask	1
C:/Users/HUY/Downloads/testMouselastHID/MouseHID/Core/Src/main.c:285:6:SystemClock_Config	1
C:/Users/HUY/Downloads/testMouselastHID/MouseHID/Core/Src/main.c:183:5:main	2
C:/Users/HUY/Downloads/testMouselastHID/MouseHID/Core/Src/main.c:770:6:enqueueMouseEvent	2
C:/Users/HUY/Downloads/testMouselastHID/MouseHID/Core/Src/main.c:846:6:IOE_Init	1
C:/Users/HUY/Downloads/testMouselastHID/MouseHID/Core/Src/main.c:855:6:IOE_ITConfig	1
C:/Users/HUY/Downloads/testMouselastHID/MouseHID/Core/Src/main.c:867:6:IOE_Write	1
C:/Users/HUY/Downloads/testMouselastHID/MouseHID/Core/Src/main.c:878:9:IOE_Read	1
C:/Users/HUY/Downloads/testMouselastHID/MouseHID/Core/Src/main.c:891:10:IOE_ReadMultiple	1
C:/Users/HUY/Downloads/testMouselastHID/MouseHID/Core/Src/main.c:900:6:IOE_Delay	1
C:/Users/HUY/Downloads/testMouselastHID/MouseHID/Core/Src/main.c:1028:6:LCD_IO_Init	1
C:/Users/HUY/Downloads/testMouselastHID/MouseHID/Core/Src/main.c:1038:6:LCD_IO_WriteData	1
C:/Users/HUY/Downloads/testMouselastHID/MouseHID/Core/Src/main.c:1054:6:LCD_IO_WriteReg	1
C:/Users/HUY/Downloads/testMouselastHID/MouseHID/Core/Src/main.c:1073:10:LCD_IO_ReadData	1
C:/Users/HUY/Downloads/testMouselastHID/MouseHID/Core/Src/main.c:1100:6:LCD_Delay	1
C:/Users/HUY/Downloads/testMouselastHID/MouseHID/Core/Src/main.c:1133:6:HAL_TIM_PeriodElapsedCallback	2
C:/Users/HUY/Downloads/testMouselastHID/MouseHID/Core/Src/main.c:1151:6:Error_Handler	1
