C:/TouchGFXProjects/HID.12/MouseHID/Core/Src/main.c:915:13:SPI5_Write	16	static
C:/TouchGFXProjects/HID.12/MouseHID/Core/Src/main.c:1027:6:StartDefaultTask	8	static
C:/TouchGFXProjects/HID.12/MouseHID/Core/Src/main.c:1047:6:StartTask03	8	static
C:/TouchGFXProjects/HID.12/MouseHID/Core/Src/main.c:276:6:SystemClock_Config	96	static
C:/TouchGFXProjects/HID.12/MouseHID/Core/Src/main.c:176:5:main	120	static
C:/TouchGFXProjects/HID.12/MouseHID/Core/Src/main.c:759:6:IOE_Init	0	static
C:/TouchGFXProjects/HID.12/MouseHID/Core/Src/main.c:768:6:IOE_ITConfig	0	static
C:/TouchGFXProjects/HID.12/MouseHID/Core/Src/main.c:780:6:IOE_Write	32	static
C:/TouchGFXProjects/HID.12/MouseHID/Core/Src/main.c:791:9:IOE_Read	32	static
C:/TouchGFXProjects/HID.12/MouseHID/Core/Src/main.c:804:10:IOE_ReadMultiple	24	static
C:/TouchGFXProjects/HID.12/MouseHID/Core/Src/main.c:813:6:IOE_Delay	0	static
C:/TouchGFXProjects/HID.12/MouseHID/Core/Src/main.c:941:6:LCD_IO_Init	8	static
C:/TouchGFXProjects/HID.12/MouseHID/Core/Src/main.c:951:6:LCD_IO_WriteData	16	static
C:/TouchGFXProjects/HID.12/MouseHID/Core/Src/main.c:967:6:LCD_IO_WriteReg	16	static
C:/TouchGFXProjects/HID.12/MouseHID/Core/Src/main.c:986:10:LCD_IO_ReadData	32	static
C:/TouchGFXProjects/HID.12/MouseHID/Core/Src/main.c:1013:6:LCD_Delay	0	static
C:/TouchGFXProjects/HID.12/MouseHID/Core/Src/main.c:1066:6:HAL_TIM_PeriodElapsedCallback	0	static
C:/TouchGFXProjects/HID.12/MouseHID/Core/Src/main.c:1084:6:Error_Handler	0	static
