../../Middlewares/ST/touchgfx/framework/include/touchgfx/Screen.hpp:104:18:virtual void touchgfx::Screen::afterTransition()	0	static
../../Middlewares/ST/touchgfx/framework/include/touchgfx/Screen.hpp:154:18:virtual void touchgfx::Screen::handleKeyEvent(uint8_t)	0	static
../../Middlewares/ST/touchgfx/framework/include/touchgfx/widgets/canvas/AbstractPainter.hpp:61:34:virtual touchgfx::HAL::RenderingMethod touchgfx::AbstractPainter::getRenderingMethod() const	0	static
../../Middlewares/ST/touchgfx/framework/include/touchgfx/widgets/canvas/AbstractPainter.hpp:78:18:virtual bool touchgfx::AbstractPainter::setup(const touchgfx::Rect&) const	0	static
../../Middlewares/ST/touchgfx/framework/include/touchgfx/widgets/canvas/AbstractPainter.hpp:90:18:virtual void touchgfx::AbstractPainter::tearDown() const	0	static
C:/TouchGFXProjects/MouseHID/TouchGFX/gui/src/screen1_screen/Screen1View.cpp:59:6:virtual void Screen1View::tearDownScreen()	8	static
../../TouchGFX/gui/include/gui/screen1_screen/Screen1View.hpp:13:13:Screen1View::~Screen1View()	8	static
../../TouchGFX/gui/include/gui/screen1_screen/Screen1View.hpp:13:13:virtual Screen1View::~Screen1View()	8	static
../../Middlewares/ST/touchgfx/framework/include/touchgfx/Drawable.hpp:233:10:void touchgfx::Drawable::setPosition(int16_t, int16_t, int16_t, int16_t)	24	static
../../Middlewares/ST/touchgfx/framework/include/touchgfx/widgets/canvas/AbstractPainterRGB565.hpp:41:5:touchgfx::AbstractPainterRGB565::AbstractPainterRGB565()	16	static
C:/TouchGFXProjects/MouseHID/TouchGFX/gui/src/screen1_screen/Screen1View.cpp:18:1:Screen1View::Screen1View()	8	static
C:/TouchGFXProjects/MouseHID/TouchGFX/gui/src/screen1_screen/Screen1View.cpp:54:6:void uartPrint(const char*)	8	static
C:/TouchGFXProjects/MouseHID/TouchGFX/gui/src/screen1_screen/Screen1View.cpp:255:6:virtual void Screen1View::handleTickEvent()	80	static
C:/TouchGFXProjects/MouseHID/TouchGFX/gui/src/screen1_screen/Screen1View.cpp:74:6:void Screen1View::applySmoothing(int&, int&)	16	static
C:/TouchGFXProjects/MouseHID/TouchGFX/gui/src/screen1_screen/Screen1View.cpp:90:6:void Screen1View::resetTouchState()	0	static
C:/TouchGFXProjects/MouseHID/TouchGFX/gui/src/screen1_screen/Screen1View.cpp:107:6:void Screen1View::updateVelocity(int, int, uint32_t)	0	static
C:/TouchGFXProjects/MouseHID/TouchGFX/gui/src/screen1_screen/Screen1View.cpp:36:6:virtual void Screen1View::setupScreen()	24	static
C:/TouchGFXProjects/MouseHID/TouchGFX/gui/src/screen1_screen/Screen1View.cpp:136:6:virtual void Screen1View::handleDragEvent(const touchgfx::DragEvent&)	96	static
C:/TouchGFXProjects/MouseHID/TouchGFX/gui/src/screen1_screen/Screen1View.cpp:186:6:virtual void Screen1View::handleClickEvent(const touchgfx::ClickEvent&)	80	static
